<html>
<body>
<pre>
<h1>µVision Build Log</h1>
<h2>Tool Versions:</h2>
IDE-Version: µVision V5.40.0.0
Copyright (C) 2024 ARM Ltd and ARM Germany GmbH. All rights reserved.
License Information: USER USER, INSA Toulouse, LIC=----
 
Tool Versions:
Toolchain:       MDK-Lite  Version: 5.40.0.3
Toolchain Path:  C:\Program Files\Keil_5.4\ARM\ARMCLANG\Bin
C Compiler:      ArmClang.exe V6.22
Assembler:       Armasm.exe V6.22
Linker/Locator:  ArmLink.exe V6.22
Library Manager: ArmAr.exe V6.22
Hex Converter:   FromElf.exe V6.22
CPU DLL:         SARMCM3.DLL V5.40.0.3
Dialog DLL:      DARMSTM.DLL V1.69.1.0
Target DLL:      STLink\ST-LINKIII-KEIL_SWO.dll V3.3.0.0
Dialog DLL:      TARMSTM.DLL V1.67.1.0
 
<h2>Project:</h2>
U:\Windows\Bureau\4AE_SE\BE_Trottinette\ControleurP_HallEtShuntSensor\Pjet_uC_CASR.uvprojx
Project File Date:  03/11/2025

<h2>Output:</h2>
*** Using Compiler 'V6.22', folder: 'C:\Program Files\Keil_5.4\ARM\ARMCLANG\Bin'
Rebuild target 'Cible_STlink_F103'
assembling startup_stm32f10x_md.s...
compiling StringFct_2024.c...
compiling TimeManagement.c...
compiling LCD_Balance.c...
compiling Clock_F103.c...
compiling ToolBox_NRJ_uC_Interface.c...
src/Principal.c(110): warning: unused variable 'K_2' [-Wunused-variable]
  110 |         float K_2 =K;
      |               ^~~
src/Principal.c(112): warning: unused variable 'te' [-Wunused-variable]
  112 |         float te =Te;
      |               ^~
src/Principal.c(113): warning: unused variable 'coeff' [-Wunused-variable]
  113 |         float coeff = -K+(Te/tau);
      |               ^~~~~
3 warnings generated.
compiling Principal.c...
compiling system_stm32f10x.c...
linking...
Program Size: Code=12636 RO-data=428 RW-data=8 ZI-data=1280  
".\Objects\Pjet_uC_CASR.axf" - 0 Error(s), 3 Warning(s).

<h2>Software Packages used:</h2>

Package Vendor: ARM
                https://www.keil.com/pack/ARM.CMSIS.6.1.0.pack
                ARM::CMSIS@6.1.0
                CMSIS (Common Microcontroller Software Interface Standard)
   * Component: CORE Version: 6.1.0

Package Vendor: Keil
                https://www.keil.com/pack/Keil.STM32F1xx_DFP.2.4.1.pack
                Keil::STM32F1xx_DFP@2.4.1
                STMicroelectronics STM32F1 Series Device Support, Drivers and Examples
   * Component: Startup Version: 1.0.0

<h2>Collection of Component include folders:</h2>
  ./RTE/Device/STM32F103RB
  ./RTE/_Cible_STlink_F103
  C:/ProgramData/keil/ARM/Pack/ARM/CMSIS/6.1.0/CMSIS/Core/Include
  C:/ProgramData/keil/ARM/Pack/Keil/STM32F1xx_DFP/2.4.1/Device/Include

<h2>Collection of Component Files used:</h2>

   * Component: ARM::CMSIS:CORE@6.1.0

   * Component: Keil::Device:Startup@1.0.0
      Source file:   Device/Source/ARM/startup_stm32f10x_md.s
      Include file:  RTE_Driver/Config/RTE_Device.h
      Source file:   Device/Source/system_stm32f10x.c
      Source file:   Device/Source/ARM/STM32F1xx_OPT.s
Build Time Elapsed:  00:00:01
</pre>
</body>
</html>
